2026-05-27 11:54:18.937 [main] DEBUG org.testng.TestNG - suiteXmlPath: "C:\Users\rajku\eclipse-workspace\FrameworkProject\master.xml"
2026-05-27 11:54:19.348 [main] INFO  org.testng.internal.Utils - [TestNG] Running:
  C:\Users\rajku\eclipse-workspace\FrameworkProject\master.xml

2026-05-27 11:54:27.676 [main] INFO  testCases.TC001_AccountRegistration - *****TC001_AccountRegistration test started
2026-05-27 11:54:31.103 [main] INFO  testCases.TC001_AccountRegistration - **Clicked on MyAccount -> Register
2026-05-27 11:54:34.278 [main] INFO  testCases.TC001_AccountRegistration - **Clicked on Contine button
2026-05-27 11:54:34.282 [main] INFO  testCases.TC001_AccountRegistration - **Validating Expected message
2026-05-27 11:54:36.333 [main] INFO  testCases.TC001_AccountRegistration - *** Test Execution completed***
2026-05-27 11:54:42.579 [main] INFO  testCases.TC002_AccountLogin - *****TC001_AccountLogin test started
2026-05-27 11:54:45.225 [main] INFO  testCases.TC002_AccountLogin - **Clicked on MyAccount -> Login
2026-05-27 11:54:47.008 [main] INFO  testCases.TC002_AccountLogin - **Clicked on Login button
2026-05-27 11:54:47.012 [main] INFO  testCases.TC002_AccountLogin - **Validating Expected message
2026-05-27 11:54:49.089 [main] INFO  testCases.TC002_AccountLogin - *** Test Execution completed***
2026-05-27 11:54:58.551 [main] DEBUG org.apache.poi.openxml4j.opc.PackageRelationshipCollection - Parsing relationship: /xl/_rels/workbook.xml.rels
2026-05-27 11:54:58.553 [main] DEBUG org.apache.poi.openxml4j.opc.PackageRelationshipCollection - Parsing relationship: /xl/worksheets/_rels/sheet1.xml.rels
2026-05-27 11:54:58.559 [main] DEBUG org.apache.poi.openxml4j.opc.PackageRelationshipCollection - Parsing relationship: /_rels/.rels
2026-05-27 11:54:59.488 [main] DEBUG org.apache.poi.ooxml.POIXMLFactory - using default POIXMLDocumentPart for http://schemas.openxmlformats.org/officeDocument/2006/relationships/printerSettings
2026-05-27 11:54:59.733 [main] INFO  testCases.TC003_AccountLogin_DataDriven - *****TC001_AccountLogin test started
2026-05-27 11:55:00.441 [main] INFO  testCases.TC003_AccountLogin_DataDriven - **Clicked on MyAccount -> Login
2026-05-27 11:55:07.121 [main] INFO  testCases.TC003_AccountLogin_DataDriven - **Clicked on Login button
2026-05-27 11:55:07.121 [main] INFO  testCases.TC003_AccountLogin_DataDriven - **Validating Expected message
2026-05-27 11:55:10.133 [main] INFO  testCases.TC003_AccountLogin_DataDriven - *** Test Execution completed***
2026-05-27 11:55:10.139 [main] INFO  testCases.TC003_AccountLogin_DataDriven - *****TC001_AccountLogin test started
2026-05-27 11:55:11.520 [main] INFO  testCases.TC003_AccountLogin_DataDriven - **Clicked on MyAccount -> Login
2026-05-27 11:55:11.840 [main] INFO  testCases.TC003_AccountLogin_DataDriven - **Clicked on Login button
2026-05-27 11:55:11.840 [main] INFO  testCases.TC003_AccountLogin_DataDriven - **Validating Expected message
2026-05-27 11:55:44.148 [main] INFO  testCases.TC003_AccountLogin_DataDriven - *****TC001_AccountLogin test started
2026-05-27 11:55:44.814 [main] INFO  testCases.TC003_AccountLogin_DataDriven - **Clicked on MyAccount -> Login
2026-05-27 11:55:45.181 [main] INFO  testCases.TC003_AccountLogin_DataDriven - **Clicked on Login button
2026-05-27 11:55:45.181 [main] INFO  testCases.TC003_AccountLogin_DataDriven - **Validating Expected message
2026-05-27 11:55:48.687 [main] INFO  testCases.TC003_AccountLogin_DataDriven - *** Test Execution completed***
2026-05-27 12:14:20.760 [main] DEBUG org.testng.TestNG - suiteXmlPath: "C:\Users\rajku\eclipse-workspace\FrameworkProject\master.xml"
2026-05-27 12:14:21.030 [main] INFO  org.testng.internal.Utils - [TestNG] Running:
  C:\Users\rajku\eclipse-workspace\FrameworkProject\master.xml

2026-05-27 12:14:29.659 [main] INFO  testCases.TC001_AccountRegistration - *****TC001_AccountRegistration test started
2026-05-27 12:14:33.422 [main] INFO  testCases.TC001_AccountRegistration - **Clicked on MyAccount -> Register
2026-05-27 12:14:34.234 [main] INFO  testCases.TC001_AccountRegistration - **Clicked on Contine button
2026-05-27 12:14:34.234 [main] INFO  testCases.TC001_AccountRegistration - **Validating Expected message
2026-05-27 12:14:36.280 [main] INFO  testCases.TC001_AccountRegistration - *** Test Execution completed***
2026-05-27 12:14:42.725 [main] INFO  testCases.TC002_AccountLogin - *****TC001_AccountLogin test started
2026-05-27 12:14:45.363 [main] INFO  testCases.TC002_AccountLogin - **Clicked on MyAccount -> Login
2026-05-27 12:14:45.732 [main] INFO  testCases.TC002_AccountLogin - **Clicked on Login button
2026-05-27 12:14:45.732 [main] INFO  testCases.TC002_AccountLogin - **Validating Expected message
2026-05-27 12:14:47.800 [main] INFO  testCases.TC002_AccountLogin - *** Test Execution completed***
2026-05-27 12:14:54.503 [main] DEBUG org.apache.poi.openxml4j.opc.PackageRelationshipCollection - Parsing relationship: /xl/_rels/workbook.xml.rels
2026-05-27 12:14:54.527 [main] DEBUG org.apache.poi.openxml4j.opc.PackageRelationshipCollection - Parsing relationship: /xl/worksheets/_rels/sheet1.xml.rels
2026-05-27 12:14:54.530 [main] DEBUG org.apache.poi.openxml4j.opc.PackageRelationshipCollection - Parsing relationship: /_rels/.rels
2026-05-27 12:14:55.475 [main] DEBUG org.apache.poi.ooxml.POIXMLFactory - using default POIXMLDocumentPart for http://schemas.openxmlformats.org/officeDocument/2006/relationships/printerSettings
2026-05-27 12:14:55.729 [main] INFO  testCases.TC003_AccountLogin_DataDriven - *****TC001_AccountLogin test started
2026-05-27 12:14:56.383 [main] INFO  testCases.TC003_AccountLogin_DataDriven - **Clicked on MyAccount -> Login
2026-05-27 12:14:56.690 [main] INFO  testCases.TC003_AccountLogin_DataDriven - **Clicked on Login button
2026-05-27 12:14:56.691 [main] INFO  testCases.TC003_AccountLogin_DataDriven - **Validating Expected message
2026-05-27 12:15:00.707 [main] INFO  testCases.TC003_AccountLogin_DataDriven - *** Test Execution completed***
2026-05-27 12:15:00.718 [main] INFO  testCases.TC003_AccountLogin_DataDriven - *****TC001_AccountLogin test started
2026-05-27 12:15:02.160 [main] INFO  testCases.TC003_AccountLogin_DataDriven - **Clicked on MyAccount -> Login
2026-05-27 12:15:02.462 [main] INFO  testCases.TC003_AccountLogin_DataDriven - **Clicked on Login button
2026-05-27 12:15:02.464 [main] INFO  testCases.TC003_AccountLogin_DataDriven - **Validating Expected message
2026-05-27 12:15:38.862 [main] INFO  testCases.TC003_AccountLogin_DataDriven - *****TC001_AccountLogin test started
2026-05-27 12:15:39.499 [main] INFO  testCases.TC003_AccountLogin_DataDriven - **Clicked on MyAccount -> Login
2026-05-27 12:15:39.760 [main] INFO  testCases.TC003_AccountLogin_DataDriven - **Clicked on Login button
2026-05-27 12:15:39.760 [main] INFO  testCases.TC003_AccountLogin_DataDriven - **Validating Expected message
2026-05-27 12:15:42.762 [main] INFO  testCases.TC003_AccountLogin_DataDriven - *** Test Execution completed***
2026-05-27 12:16:08.740 [main] DEBUG org.testng.TestNG - suiteXmlPath: "C:\Users\rajku\eclipse-workspace\FrameworkProject\master.xml"
2026-05-27 12:16:08.965 [main] INFO  org.testng.internal.Utils - [TestNG] Running:
  C:\Users\rajku\eclipse-workspace\FrameworkProject\master.xml

2026-05-27 12:16:09.854 [main] DEBUG org.apache.poi.openxml4j.opc.PackageRelationshipCollection - Parsing relationship: /xl/_rels/workbook.xml.rels
2026-05-27 12:16:09.858 [main] DEBUG org.apache.poi.openxml4j.opc.PackageRelationshipCollection - Parsing relationship: /xl/worksheets/_rels/sheet1.xml.rels
2026-05-27 12:16:09.860 [main] DEBUG org.apache.poi.openxml4j.opc.PackageRelationshipCollection - Parsing relationship: /_rels/.rels
2026-05-27 12:16:10.144 [main] DEBUG org.apache.poi.ooxml.POIXMLFactory - using default POIXMLDocumentPart for http://schemas.openxmlformats.org/officeDocument/2006/relationships/printerSettings
2026-05-27 12:16:46.070 [main] DEBUG org.testng.TestNG - suiteXmlPath: "C:\Users\rajku\eclipse-workspace\FrameworkProject\master.xml"
2026-05-27 12:16:46.308 [main] INFO  org.testng.internal.Utils - [TestNG] Running:
  C:\Users\rajku\eclipse-workspace\FrameworkProject\master.xml

2026-05-27 12:16:47.187 [main] DEBUG org.apache.poi.openxml4j.opc.PackageRelationshipCollection - Parsing relationship: /xl/_rels/workbook.xml.rels
2026-05-27 12:16:47.190 [main] DEBUG org.apache.poi.openxml4j.opc.PackageRelationshipCollection - Parsing relationship: /xl/worksheets/_rels/sheet1.xml.rels
2026-05-27 12:16:47.192 [main] DEBUG org.apache.poi.openxml4j.opc.PackageRelationshipCollection - Parsing relationship: /_rels/.rels
2026-05-27 12:16:47.478 [main] DEBUG org.apache.poi.ooxml.POIXMLFactory - using default POIXMLDocumentPart for http://schemas.openxmlformats.org/officeDocument/2006/relationships/printerSettings
2026-05-27 12:23:22.628 [main] DEBUG org.testng.TestNG - suiteXmlPath: "C:\Users\rajku\eclipse-workspace\FrameworkProject\master.xml"
2026-05-27 12:23:22.932 [main] INFO  org.testng.internal.Utils - [TestNG] Running:
  C:\Users\rajku\eclipse-workspace\FrameworkProject\master.xml

2026-05-27 12:23:38.437 [main] INFO  testCases.TC001_AccountRegistration - *****TC001_AccountRegistration test started
2026-05-27 12:23:43.289 [main] INFO  testCases.TC001_AccountRegistration - **Clicked on MyAccount -> Register
2026-05-27 12:23:48.157 [main] INFO  testCases.TC001_AccountRegistration - **Clicked on Contine button
2026-05-27 12:23:48.157 [main] INFO  testCases.TC001_AccountRegistration - **Validating Expected message
2026-05-27 12:23:50.224 [main] INFO  testCases.TC001_AccountRegistration - *** Test Execution completed***
2026-05-27 12:23:57.951 [main] INFO  testCases.TC002_AccountLogin - *****TC001_AccountLogin test started
2026-05-27 12:24:00.833 [main] INFO  testCases.TC002_AccountLogin - **Clicked on MyAccount -> Login
2026-05-27 12:24:03.479 [main] INFO  testCases.TC002_AccountLogin - **Clicked on Login button
2026-05-27 12:24:03.481 [main] INFO  testCases.TC002_AccountLogin - **Validating Expected message
2026-05-27 12:24:05.586 [main] INFO  testCases.TC002_AccountLogin - *** Test Execution completed***
2026-05-27 12:24:11.702 [main] DEBUG org.apache.poi.openxml4j.opc.PackageRelationshipCollection - Parsing relationship: /xl/_rels/workbook.xml.rels
2026-05-27 12:24:11.712 [main] DEBUG org.apache.poi.openxml4j.opc.PackageRelationshipCollection - Parsing relationship: /xl/worksheets/_rels/sheet1.xml.rels
2026-05-27 12:24:11.715 [main] DEBUG org.apache.poi.openxml4j.opc.PackageRelationshipCollection - Parsing relationship: /_rels/.rels
2026-05-27 12:24:12.773 [main] DEBUG org.apache.poi.ooxml.POIXMLFactory - using default POIXMLDocumentPart for http://schemas.openxmlformats.org/officeDocument/2006/relationships/printerSettings
2026-05-27 12:24:12.997 [main] INFO  testCases.TC003_AccountLogin_DataDriven - *****TC001_AccountLogin test started
2026-05-27 12:24:13.917 [main] INFO  testCases.TC003_AccountLogin_DataDriven - **Clicked on MyAccount -> Login
2026-05-27 12:24:14.546 [main] INFO  testCases.TC003_AccountLogin_DataDriven - **Clicked on Login button
2026-05-27 12:24:14.546 [main] INFO  testCases.TC003_AccountLogin_DataDriven - **Validating Expected message
2026-05-27 12:24:17.682 [main] INFO  testCases.TC003_AccountLogin_DataDriven - *** Test Execution completed***
2026-05-27 12:24:17.689 [main] INFO  testCases.TC003_AccountLogin_DataDriven - *****TC001_AccountLogin test started
2026-05-27 12:24:18.506 [main] INFO  testCases.TC003_AccountLogin_DataDriven - **Clicked on MyAccount -> Login
2026-05-27 12:24:20.069 [main] INFO  testCases.TC003_AccountLogin_DataDriven - **Clicked on Login button
2026-05-27 12:24:20.069 [main] INFO  testCases.TC003_AccountLogin_DataDriven - **Validating Expected message
2026-05-27 12:24:52.412 [main] INFO  testCases.TC003_AccountLogin_DataDriven - *****TC001_AccountLogin test started
2026-05-27 12:24:53.201 [main] INFO  testCases.TC003_AccountLogin_DataDriven - **Clicked on MyAccount -> Login
2026-05-27 12:24:54.860 [main] INFO  testCases.TC003_AccountLogin_DataDriven - **Clicked on Login button
2026-05-27 12:24:54.860 [main] INFO  testCases.TC003_AccountLogin_DataDriven - **Validating Expected message
2026-05-27 12:24:57.930 [main] INFO  testCases.TC003_AccountLogin_DataDriven - *** Test Execution completed***
2026-05-27 12:26:02.483 [main] DEBUG org.testng.TestNG - suiteXmlPath: "C:\Users\rajku\eclipse-workspace\FrameworkProject\master.xml"
2026-05-27 12:26:02.740 [main] INFO  org.testng.internal.Utils - [TestNG] Running:
  C:\Users\rajku\eclipse-workspace\FrameworkProject\master.xml

2026-05-27 12:26:13.040 [main] INFO  testCases.TC001_AccountRegistration - *****TC001_AccountRegistration test started
2026-05-27 12:26:18.131 [main] INFO  testCases.TC001_AccountRegistration - **Clicked on MyAccount -> Register
2026-05-27 12:26:23.030 [main] INFO  testCases.TC001_AccountRegistration - **Clicked on Contine button
2026-05-27 12:26:23.030 [main] INFO  testCases.TC001_AccountRegistration - **Validating Expected message
2026-05-27 12:26:25.104 [main] INFO  testCases.TC001_AccountRegistration - *** Test Execution completed***
2026-05-27 12:26:32.398 [main] INFO  testCases.TC002_AccountLogin - *****TC001_AccountLogin test started
2026-05-27 12:26:35.395 [main] INFO  testCases.TC002_AccountLogin - **Clicked on MyAccount -> Login
2026-05-27 12:26:37.795 [main] INFO  testCases.TC002_AccountLogin - **Clicked on Login button
2026-05-27 12:26:37.795 [main] INFO  testCases.TC002_AccountLogin - **Validating Expected message
2026-05-27 12:26:39.898 [main] INFO  testCases.TC002_AccountLogin - *** Test Execution completed***
2026-05-27 12:26:46.366 [main] DEBUG org.apache.poi.openxml4j.opc.PackageRelationshipCollection - Parsing relationship: /xl/_rels/workbook.xml.rels
2026-05-27 12:26:46.373 [main] DEBUG org.apache.poi.openxml4j.opc.PackageRelationshipCollection - Parsing relationship: /xl/worksheets/_rels/sheet1.xml.rels
2026-05-27 12:26:46.375 [main] DEBUG org.apache.poi.openxml4j.opc.PackageRelationshipCollection - Parsing relationship: /_rels/.rels
2026-05-27 12:26:47.302 [main] DEBUG org.apache.poi.ooxml.POIXMLFactory - using default POIXMLDocumentPart for http://schemas.openxmlformats.org/officeDocument/2006/relationships/printerSettings
2026-05-27 12:26:47.557 [main] INFO  testCases.TC003_AccountLogin_DataDriven - *****TC001_AccountLogin test started
2026-05-27 12:26:48.518 [main] INFO  testCases.TC003_AccountLogin_DataDriven - **Clicked on MyAccount -> Login
2026-05-27 12:26:49.113 [main] INFO  testCases.TC003_AccountLogin_DataDriven - **Clicked on Login button
2026-05-27 12:26:49.113 [main] INFO  testCases.TC003_AccountLogin_DataDriven - **Validating Expected message
2026-05-27 12:26:52.705 [main] INFO  testCases.TC003_AccountLogin_DataDriven - *** Test Execution completed***
2026-05-27 12:26:52.715 [main] INFO  testCases.TC003_AccountLogin_DataDriven - *****TC001_AccountLogin test started
2026-05-27 12:26:53.494 [main] INFO  testCases.TC003_AccountLogin_DataDriven - **Clicked on MyAccount -> Login
2026-05-27 12:26:54.013 [main] INFO  testCases.TC003_AccountLogin_DataDriven - **Clicked on Login button
2026-05-27 12:26:54.013 [main] INFO  testCases.TC003_AccountLogin_DataDriven - **Validating Expected message
2026-05-27 12:27:26.364 [main] INFO  testCases.TC003_AccountLogin_DataDriven - *****TC001_AccountLogin test started
2026-05-27 12:27:27.155 [main] INFO  testCases.TC003_AccountLogin_DataDriven - **Clicked on MyAccount -> Login
2026-05-27 12:27:29.694 [main] INFO  testCases.TC003_AccountLogin_DataDriven - **Clicked on Login button
2026-05-27 12:27:29.695 [main] INFO  testCases.TC003_AccountLogin_DataDriven - **Validating Expected message
2026-05-27 12:27:33.238 [main] INFO  testCases.TC003_AccountLogin_DataDriven - *** Test Execution completed***
2026-05-27 12:29:08.526 [main] DEBUG org.testng.TestNG - suiteXmlPath: "C:\Users\rajku\eclipse-workspace\FrameworkProject\crossbrowsertest.xml"
2026-05-27 12:29:08.784 [main] INFO  org.testng.internal.Utils - [TestNG] Running:
  C:\Users\rajku\eclipse-workspace\FrameworkProject\crossbrowsertest.xml

2026-05-27 12:29:16.183 [TestNG-tests-1] INFO  testCases.TC001_AccountRegistration - *****TC001_AccountRegistration test started
2026-05-27 12:29:20.389 [TestNG-tests-1] INFO  testCases.TC001_AccountRegistration - **Clicked on MyAccount -> Register
2026-05-27 12:29:23.494 [TestNG-tests-1] INFO  testCases.TC001_AccountRegistration - **Clicked on Contine button
2026-05-27 12:29:23.494 [TestNG-tests-1] INFO  testCases.TC001_AccountRegistration - **Validating Expected message
2026-05-27 12:29:25.592 [TestNG-tests-1] INFO  testCases.TC001_AccountRegistration - *** Test Execution completed***
2026-05-27 12:35:00.173 [main] DEBUG org.testng.TestNG - suiteXmlPath: "C:\Users\rajku\eclipse-workspace\FrameworkProject\crossbrowsertest.xml"
2026-05-27 12:35:00.394 [main] INFO  org.testng.internal.Utils - [TestNG] Running:
  C:\Users\rajku\eclipse-workspace\FrameworkProject\crossbrowsertest.xml

2026-05-27 12:35:07.769 [TestNG-tests-1] INFO  testCases.TC001_AccountRegistration - *****TC001_AccountRegistration test started
2026-05-27 12:35:12.197 [TestNG-tests-1] INFO  testCases.TC001_AccountRegistration - **Clicked on MyAccount -> Register
2026-05-27 12:35:20.511 [TestNG-tests-1] INFO  testCases.TC001_AccountRegistration - **Clicked on Contine button
2026-05-27 12:35:20.511 [TestNG-tests-1] INFO  testCases.TC001_AccountRegistration - **Validating Expected message
2026-05-27 12:35:22.580 [TestNG-tests-1] INFO  testCases.TC001_AccountRegistration - *** Test Execution completed***
2026-05-27 14:39:30.188 [main] DEBUG org.testng.TestNG - suiteXmlPath: "C:\Users\rajku\eclipse-workspace\FrameworkProject\crossbrowsertest.xml"
2026-05-27 14:39:30.399 [main] INFO  org.testng.internal.Utils - [TestNG] Running:
  C:\Users\rajku\eclipse-workspace\FrameworkProject\crossbrowsertest.xml

2026-05-27 14:56:43.690 [main] DEBUG org.testng.TestNG - suiteXmlPath: "C:\Users\rajku\eclipse-workspace\FrameworkProject\master.xml"
2026-05-27 14:56:44.738 [main] DEBUG org.apache.poi.openxml4j.opc.PackageRelationshipCollection - Parsing relationship: /xl/_rels/workbook.xml.rels
2026-05-27 14:56:44.741 [main] DEBUG org.apache.poi.openxml4j.opc.PackageRelationshipCollection - Parsing relationship: /xl/worksheets/_rels/sheet1.xml.rels
2026-05-27 14:56:44.742 [main] DEBUG org.apache.poi.openxml4j.opc.PackageRelationshipCollection - Parsing relationship: /_rels/.rels
2026-05-27 14:56:45.033 [main] DEBUG org.apache.poi.ooxml.POIXMLFactory - using default POIXMLDocumentPart for http://schemas.openxmlformats.org/officeDocument/2006/relationships/printerSettings
2026-05-27 14:58:28.470 [main] DEBUG org.testng.TestNG - suiteXmlPath: "C:\Users\rajku\eclipse-workspace\FrameworkProject\master.xml"
2026-05-27 14:58:34.338 [main] INFO  testCases.TC001_AccountRegistration - *****TC001_AccountRegistration test started
2026-05-27 14:58:38.079 [main] INFO  testCases.TC001_AccountRegistration - **Clicked on MyAccount -> Register
2026-05-27 14:58:39.946 [main] INFO  testCases.TC001_AccountRegistration - **Clicked on Contine button
2026-05-27 14:58:39.946 [main] INFO  testCases.TC001_AccountRegistration - **Validating Expected message
2026-05-27 14:58:41.983 [main] INFO  testCases.TC001_AccountRegistration - *** Test Execution completed***
2026-05-27 14:58:48.541 [main] INFO  testCases.TC002_AccountLogin - *****TC001_AccountLogin test started
2026-05-27 14:58:51.553 [main] INFO  testCases.TC002_AccountLogin - **Clicked on MyAccount -> Login
2026-05-27 14:58:51.744 [main] INFO  testCases.TC002_AccountLogin - **Clicked on Login button
2026-05-27 14:58:51.753 [main] INFO  testCases.TC002_AccountLogin - **Validating Expected message
2026-05-27 14:58:53.809 [main] INFO  testCases.TC002_AccountLogin - *** Test Execution completed***
2026-05-27 14:58:59.498 [main] DEBUG org.apache.poi.openxml4j.opc.PackageRelationshipCollection - Parsing relationship: /xl/_rels/workbook.xml.rels
2026-05-27 14:58:59.499 [main] DEBUG org.apache.poi.openxml4j.opc.PackageRelationshipCollection - Parsing relationship: /xl/worksheets/_rels/sheet1.xml.rels
2026-05-27 14:58:59.499 [main] DEBUG org.apache.poi.openxml4j.opc.PackageRelationshipCollection - Parsing relationship: /_rels/.rels
2026-05-27 14:58:59.949 [main] DEBUG org.apache.poi.ooxml.POIXMLFactory - using default POIXMLDocumentPart for http://schemas.openxmlformats.org/officeDocument/2006/relationships/printerSettings
2026-05-27 14:59:00.054 [main] INFO  testCases.TC003_AccountLogin_DataDriven - *****TC001_AccountLogin test started
2026-05-27 14:59:00.642 [main] INFO  testCases.TC003_AccountLogin_DataDriven - **Clicked on MyAccount -> Login
2026-05-27 14:59:00.844 [main] INFO  testCases.TC003_AccountLogin_DataDriven - **Clicked on Login button
2026-05-27 14:59:00.844 [main] INFO  testCases.TC003_AccountLogin_DataDriven - **Validating Expected message
2026-05-27 14:59:03.724 [main] INFO  testCases.TC003_AccountLogin_DataDriven - *** Test Execution completed***
2026-05-27 14:59:03.726 [main] INFO  testCases.TC003_AccountLogin_DataDriven - *****TC001_AccountLogin test started
2026-05-27 14:59:04.722 [main] INFO  testCases.TC003_AccountLogin_DataDriven - **Clicked on MyAccount -> Login
2026-05-27 14:59:04.869 [main] INFO  testCases.TC003_AccountLogin_DataDriven - **Clicked on Login button
2026-05-27 14:59:04.869 [main] INFO  testCases.TC003_AccountLogin_DataDriven - **Validating Expected message
2026-05-27 14:59:37.081 [main] INFO  testCases.TC003_AccountLogin_DataDriven - *****TC001_AccountLogin test started
2026-05-27 14:59:37.655 [main] INFO  testCases.TC003_AccountLogin_DataDriven - **Clicked on MyAccount -> Login
2026-05-27 14:59:37.814 [main] INFO  testCases.TC003_AccountLogin_DataDriven - **Clicked on Login button
2026-05-27 14:59:37.814 [main] INFO  testCases.TC003_AccountLogin_DataDriven - **Validating Expected message
2026-05-27 14:59:40.706 [main] INFO  testCases.TC003_AccountLogin_DataDriven - *** Test Execution completed***
2026-05-27 15:17:19.806 [main] DEBUG org.testng.TestNG - suiteXmlPath: "C:\Users\rajku\eclipse-workspace\FrameworkProject\master.xml"
2026-05-27 15:17:25.125 [main] INFO  testCases.TC001_AccountRegistration - *****TC001_AccountRegistration test started
2026-05-27 15:17:28.058 [main] INFO  testCases.TC001_AccountRegistration - **Clicked on MyAccount -> Register
2026-05-27 15:17:30.336 [main] INFO  testCases.TC001_AccountRegistration - **Clicked on Contine button
2026-05-27 15:17:30.338 [main] INFO  testCases.TC001_AccountRegistration - **Validating Expected message
2026-05-27 15:17:32.374 [main] INFO  testCases.TC001_AccountRegistration - *** Test Execution completed***
2026-05-27 15:17:37.413 [main] INFO  testCases.TC002_AccountLogin - *****TC001_AccountLogin test started
2026-05-27 15:17:39.999 [main] INFO  testCases.TC002_AccountLogin - **Clicked on MyAccount -> Login
2026-05-27 15:17:40.192 [main] INFO  testCases.TC002_AccountLogin - **Clicked on Login button
2026-05-27 15:17:40.192 [main] INFO  testCases.TC002_AccountLogin - **Validating Expected message
2026-05-27 15:17:42.256 [main] INFO  testCases.TC002_AccountLogin - *** Test Execution completed***
2026-05-27 15:17:46.993 [main] DEBUG org.apache.poi.openxml4j.opc.PackageRelationshipCollection - Parsing relationship: /xl/_rels/workbook.xml.rels
2026-05-27 15:17:46.995 [main] DEBUG org.apache.poi.openxml4j.opc.PackageRelationshipCollection - Parsing relationship: /xl/worksheets/_rels/sheet1.xml.rels
2026-05-27 15:17:46.995 [main] DEBUG org.apache.poi.openxml4j.opc.PackageRelationshipCollection - Parsing relationship: /_rels/.rels
2026-05-27 15:17:47.409 [main] DEBUG org.apache.poi.ooxml.POIXMLFactory - using default POIXMLDocumentPart for http://schemas.openxmlformats.org/officeDocument/2006/relationships/printerSettings
2026-05-27 15:17:47.519 [main] INFO  testCases.TC003_AccountLogin_DataDriven - *****TC001_AccountLogin test started
2026-05-27 15:17:48.087 [main] INFO  testCases.TC003_AccountLogin_DataDriven - **Clicked on MyAccount -> Login
2026-05-27 15:17:48.275 [main] INFO  testCases.TC003_AccountLogin_DataDriven - **Clicked on Login button
2026-05-27 15:17:48.275 [main] INFO  testCases.TC003_AccountLogin_DataDriven - **Validating Expected message
2026-05-27 15:17:51.150 [main] INFO  testCases.TC003_AccountLogin_DataDriven - *** Test Execution completed***
2026-05-27 15:17:51.152 [main] INFO  testCases.TC003_AccountLogin_DataDriven - *****TC001_AccountLogin test started
2026-05-27 15:17:51.657 [main] INFO  testCases.TC003_AccountLogin_DataDriven - **Clicked on MyAccount -> Login
2026-05-27 15:17:51.814 [main] INFO  testCases.TC003_AccountLogin_DataDriven - **Clicked on Login button
2026-05-27 15:17:51.814 [main] INFO  testCases.TC003_AccountLogin_DataDriven - **Validating Expected message
2026-05-27 15:18:23.969 [main] INFO  testCases.TC003_AccountLogin_DataDriven - *****TC001_AccountLogin test started
2026-05-27 15:18:24.509 [main] INFO  testCases.TC003_AccountLogin_DataDriven - **Clicked on MyAccount -> Login
2026-05-27 15:18:24.654 [main] INFO  testCases.TC003_AccountLogin_DataDriven - **Clicked on Login button
2026-05-27 15:18:24.654 [main] INFO  testCases.TC003_AccountLogin_DataDriven - **Validating Expected message
2026-05-27 15:18:27.944 [main] INFO  testCases.TC003_AccountLogin_DataDriven - *** Test Execution completed***
2026-05-27 15:20:27.097 [main] DEBUG org.testng.TestNG - suiteXmlPath: "C:\Users\rajku\eclipse-workspace\FrameworkProject\master.xml"
2026-05-27 15:20:32.251 [main] INFO  testCases.TC001_AccountRegistration - *****TC001_AccountRegistration test started
2026-05-27 15:20:35.205 [main] INFO  testCases.TC001_AccountRegistration - **Clicked on MyAccount -> Register
2026-05-27 15:20:37.665 [main] INFO  testCases.TC001_AccountRegistration - **Clicked on Contine button
2026-05-27 15:20:37.665 [main] INFO  testCases.TC001_AccountRegistration - **Validating Expected message
2026-05-27 15:20:39.709 [main] INFO  testCases.TC001_AccountRegistration - *** Test Execution completed***
2026-05-27 15:20:45.300 [main] INFO  testCases.TC002_AccountLogin - *****TC001_AccountLogin test started
2026-05-27 15:20:47.872 [main] INFO  testCases.TC002_AccountLogin - **Clicked on MyAccount -> Login
2026-05-27 15:20:48.051 [main] INFO  testCases.TC002_AccountLogin - **Clicked on Login button
2026-05-27 15:20:48.051 [main] INFO  testCases.TC002_AccountLogin - **Validating Expected message
2026-05-27 15:20:50.127 [main] INFO  testCases.TC002_AccountLogin - *** Test Execution completed***
2026-05-27 15:20:54.848 [main] DEBUG org.apache.poi.openxml4j.opc.PackageRelationshipCollection - Parsing relationship: /xl/_rels/workbook.xml.rels
2026-05-27 15:20:54.848 [main] DEBUG org.apache.poi.openxml4j.opc.PackageRelationshipCollection - Parsing relationship: /xl/worksheets/_rels/sheet1.xml.rels
2026-05-27 15:20:54.864 [main] DEBUG org.apache.poi.openxml4j.opc.PackageRelationshipCollection - Parsing relationship: /_rels/.rels
2026-05-27 15:20:55.237 [main] DEBUG org.apache.poi.ooxml.POIXMLFactory - using default POIXMLDocumentPart for http://schemas.openxmlformats.org/officeDocument/2006/relationships/printerSettings
2026-05-27 15:20:55.339 [main] INFO  testCases.TC003_AccountLogin_DataDriven - *****TC001_AccountLogin test started
2026-05-27 15:20:55.921 [main] INFO  testCases.TC003_AccountLogin_DataDriven - **Clicked on MyAccount -> Login
2026-05-27 15:20:56.106 [main] INFO  testCases.TC003_AccountLogin_DataDriven - **Clicked on Login button
2026-05-27 15:20:56.106 [main] INFO  testCases.TC003_AccountLogin_DataDriven - **Validating Expected message
2026-05-27 15:20:58.987 [main] INFO  testCases.TC003_AccountLogin_DataDriven - *** Test Execution completed***
2026-05-27 15:20:58.989 [main] INFO  testCases.TC003_AccountLogin_DataDriven - *****TC001_AccountLogin test started
2026-05-27 15:20:59.499 [main] INFO  testCases.TC003_AccountLogin_DataDriven - **Clicked on MyAccount -> Login
2026-05-27 15:20:59.650 [main] INFO  testCases.TC003_AccountLogin_DataDriven - **Clicked on Login button
2026-05-27 15:20:59.650 [main] INFO  testCases.TC003_AccountLogin_DataDriven - **Validating Expected message
2026-05-27 15:21:31.876 [main] INFO  testCases.TC003_AccountLogin_DataDriven - *****TC001_AccountLogin test started
2026-05-27 15:21:32.855 [main] INFO  testCases.TC003_AccountLogin_DataDriven - **Clicked on MyAccount -> Login
2026-05-27 15:21:33.014 [main] INFO  testCases.TC003_AccountLogin_DataDriven - **Clicked on Login button
2026-05-27 15:21:33.014 [main] INFO  testCases.TC003_AccountLogin_DataDriven - **Validating Expected message
2026-05-27 15:21:35.886 [main] INFO  testCases.TC003_AccountLogin_DataDriven - *** Test Execution completed***
